<!DOCTYPE html>
<html>
<head>

<title>Test</title>
<style>
body {background-color: #f0f0f0;}
</style>

</head>
<body>

<h1>An Empty Page with <strong>internal</strong> css &amp; javascript files.</h1>
<script>
document.write('hello world');
</script>

</body>
</html>