<!DOCTYPE html>
<html>
<head>

<title>Test</title>
<link rel="stylesheet" type="text/css" href="http://example.com/style.css">

</head>
<body>

<h1>An Empty Page with <strong>external</strong> css &amp; javascript files.</h1>
<script type="text/javascript" src="http://example.com/script.js"></script>

</body>
</html>