<!DOCTYPE html>
<html>
<head>

<title>Test</title>
<style>
body {background-color: #f0f0f0;}
</style>
<link rel="stylesheet" type="text/css" ignore="true" href="style.css">

</head>
<body>

<h1>An Empty Page with <strong>internal</strong> css &amp; javascript files.</h1>
<script>
document.write('hello world');
</script>
<script type="text/javascript" src="script.js" ignore></script>
<script>
document.write('hello world');
</script>

</body>
</html>
